// Jest Snapshot v1, https://goo.gl/fbAQLP

exports[`StatusBar snapshot 1`] = `
<View
  style={
    Object {
      "backgroundColor": "#191C39",
      "height": 20,
    }
  }
/>
`;
